#! /c/Source/iverilog-install/bin/vvp
:ivl_version "12.0 (devel)" "(s20150603-1110-g18392a46)";
:ivl_delay_selection "TYPICAL";
:vpi_time_precision + 0;
:vpi_module "C:\iverilog\lib\ivl\system.vpi";
:vpi_module "C:\iverilog\lib\ivl\vhdl_sys.vpi";
:vpi_module "C:\iverilog\lib\ivl\vhdl_textio.vpi";
:vpi_module "C:\iverilog\lib\ivl\v2005_math.vpi";
:vpi_module "C:\iverilog\lib\ivl\va_math.vpi";
S_000001d4117b9130 .scope module, "tb_bit2LessThanEqualTo" "tb_bit2LessThanEqualTo" 2 1;
 .timescale 0 0;
v000001d41181c290_0 .var "A", 1 0;
v000001d41181c330_0 .var "B", 1 0;
v000001d41181c790_0 .net "Y", 0 0, L_000001d4117b6740;  1 drivers
v000001d41181c510_0 .var "expected", 0 0;
v000001d41181c970_0 .var/i "i", 31 0;
v000001d41181d050_0 .var/i "j", 31 0;
S_000001d4118bda60 .scope module, "uut" "bit2LessThanEqualTo" 2 5, 3 1 0, S_000001d4117b9130;
 .timescale 0 0;
    .port_info 0 /INPUT 2 "A";
    .port_info 1 /INPUT 2 "B";
    .port_info 2 /OUTPUT 1 "Y";
L_000001d4117b64a0 .functor NOT 1, L_000001d41181cb50, C4<0>, C4<0>, C4<0>;
L_000001d4117b65f0 .functor NOT 1, L_000001d41181c3d0, C4<0>, C4<0>, C4<0>;
L_000001d4117b6350 .functor AND 1, L_000001d4117b64a0, L_000001d41181d7d0, C4<1>, C4<1>;
L_000001d4117b63c0 .functor AND 1, L_000001d4117b65f0, L_000001d41181ca10, C4<1>, C4<1>;
L_000001d4117b60b0 .functor AND 1, L_000001d4117b63c0, L_000001d4117b6190, C4<1>, C4<1>;
L_000001d4117b62e0 .functor AND 1, L_000001d4117b6580, L_000001d4117b6200, C4<1>, C4<1>;
L_000001d4117b6190 .functor OR 1, L_000001d41181deb0, L_000001d4117b64a0, C4<0>, C4<0>;
L_000001d4117b6660 .functor OR 1, L_000001d4117b60b0, L_000001d4117b6350, C4<0>, C4<0>;
L_000001d4117b6510 .functor OR 1, L_000001d4117b62e0, L_000001d4117b6660, C4<0>, C4<0>;
L_000001d4117b6200 .functor XNOR 1, L_000001d41181cab0, L_000001d41181c8d0, C4<0>, C4<0>;
L_000001d4117b6580 .functor XNOR 1, L_000001d41181d910, L_000001d41181d5f0, C4<0>, C4<0>;
L_000001d4117b6740 .functor BUFZ 1, L_000001d4117b6510, C4<0>, C4<0>, C4<0>;
v000001d4117b5240_0 .net "A", 1 0, v000001d41181c290_0;  1 drivers
v000001d4117b5100_0 .net "B", 1 0, v000001d41181c330_0;  1 drivers
v000001d4117b5740_0 .net "Y", 0 0, L_000001d4117b6740;  alias, 1 drivers
v000001d4117b5a60_0 .net *"_ivl_1", 0 0, L_000001d41181cb50;  1 drivers
v000001d4117b5d80_0 .net *"_ivl_11", 0 0, L_000001d41181ca10;  1 drivers
v000001d4117b57e0_0 .net *"_ivl_13", 0 0, L_000001d41181deb0;  1 drivers
v000001d4117b5ba0_0 .net *"_ivl_15", 0 0, L_000001d41181cab0;  1 drivers
v000001d4117b52e0_0 .net *"_ivl_17", 0 0, L_000001d41181c8d0;  1 drivers
v000001d4117b5880_0 .net *"_ivl_19", 0 0, L_000001d41181d910;  1 drivers
v000001d4117b5ce0_0 .net *"_ivl_21", 0 0, L_000001d41181d5f0;  1 drivers
v000001d4117b5920_0 .net *"_ivl_5", 0 0, L_000001d41181c3d0;  1 drivers
v000001d4117b5e20_0 .net *"_ivl_9", 0 0, L_000001d41181d7d0;  1 drivers
v000001d4117b5c40_0 .net "w1", 0 0, L_000001d4117b64a0;  1 drivers
v000001d4117b5380_0 .net "w10", 0 0, L_000001d4117b62e0;  1 drivers
v000001d4117b5ec0_0 .net "w11", 0 0, L_000001d4117b6660;  1 drivers
v000001d4117b54c0_0 .net "w12", 0 0, L_000001d4117b6580;  1 drivers
v000001d4117b5420_0 .net "w13", 0 0, L_000001d4117b6510;  1 drivers
v000001d4117b4fc0_0 .net "w2", 0 0, L_000001d4117b65f0;  1 drivers
v000001d4117b5560_0 .net "w5", 0 0, L_000001d4117b6350;  1 drivers
v000001d41181cc90_0 .net "w6", 0 0, L_000001d4117b63c0;  1 drivers
v000001d41181c830_0 .net "w7", 0 0, L_000001d4117b60b0;  1 drivers
v000001d41181c1f0_0 .net "w8", 0 0, L_000001d4117b6190;  1 drivers
v000001d41181dc30_0 .net "w9", 0 0, L_000001d4117b6200;  1 drivers
L_000001d41181cb50 .part v000001d41181c290_0, 1, 1;
L_000001d41181c3d0 .part v000001d41181c290_0, 0, 1;
L_000001d41181d7d0 .part v000001d41181c330_0, 1, 1;
L_000001d41181ca10 .part v000001d41181c330_0, 0, 1;
L_000001d41181deb0 .part v000001d41181c330_0, 1, 1;
L_000001d41181cab0 .part v000001d41181c330_0, 1, 1;
L_000001d41181c8d0 .part v000001d41181c290_0, 1, 1;
L_000001d41181d910 .part v000001d41181c330_0, 0, 1;
L_000001d41181d5f0 .part v000001d41181c290_0, 0, 1;
    .scope S_000001d4117b9130;
T_0 ;
    %vpi_call 2 9 "$dumpfile", "bit2LessThanEqualTo.vcd" {0 0 0};
    %vpi_call 2 10 "$dumpvars", 32'sb00000000000000000000000000000000, S_000001d4117b9130 {0 0 0};
    %vpi_call 2 11 "$display", "========================================" {0 0 0};
    %vpi_call 2 12 "$display", " A   B   Y   Expected   Status" {0 0 0};
    %vpi_call 2 13 "$display", "========================================" {0 0 0};
    %pushi/vec4 0, 0, 32;
    %store/vec4 v000001d41181c970_0, 0, 32;
T_0.0 ;
    %load/vec4 v000001d41181c970_0;
    %cmpi/s 4, 0, 32;
    %jmp/0xz T_0.1, 5;
    %pushi/vec4 0, 0, 32;
    %store/vec4 v000001d41181d050_0, 0, 32;
T_0.2 ;
    %load/vec4 v000001d41181d050_0;
    %cmpi/s 4, 0, 32;
    %jmp/0xz T_0.3, 5;
    %load/vec4 v000001d41181c970_0;
    %pad/s 2;
    %store/vec4 v000001d41181c290_0, 0, 2;
    %load/vec4 v000001d41181d050_0;
    %pad/s 2;
    %store/vec4 v000001d41181c330_0, 0, 2;
    %delay 10, 0;
    %load/vec4 v000001d41181c290_0;
    %load/vec4 v000001d41181c330_0;
    %cmp/u;
    %flag_get/vec4 4;
    %flag_get/vec4 5;
    %or;
    %store/vec4 v000001d41181c510_0, 0, 1;
    %load/vec4 v000001d41181c790_0;
    %load/vec4 v000001d41181c510_0;
    %cmp/e;
    %jmp/0xz  T_0.4, 4;
    %vpi_call 2 25 "$display", "%2d  %2d   %b      %b       PASS", v000001d41181c290_0, v000001d41181c330_0, v000001d41181c790_0, v000001d41181c510_0 {0 0 0};
    %jmp T_0.5;
T_0.4 ;
    %vpi_call 2 28 "$display", "%2d  %2d   %b      %b       FAIL", v000001d41181c290_0, v000001d41181c330_0, v000001d41181c790_0, v000001d41181c510_0 {0 0 0};
T_0.5 ;
    %load/vec4 v000001d41181d050_0;
    %addi 1, 0, 32;
    %store/vec4 v000001d41181d050_0, 0, 32;
    %jmp T_0.2;
T_0.3 ;
    %load/vec4 v000001d41181c970_0;
    %addi 1, 0, 32;
    %store/vec4 v000001d41181c970_0, 0, 32;
    %jmp T_0.0;
T_0.1 ;
    %vpi_call 2 33 "$finish" {0 0 0};
    %end;
    .thread T_0;
# The file index is used to find the file name in the following table.
:file_names 4;
    "N/A";
    "<interactive>";
    "tb_2bitlessThanEqualTo.v";
    "bit2LessThanEqualTo.v";
